1 fsync ret=0 path=/home/lauer/Projects/convmem/.cg1-ext4-probe/store/chroma.sqlite3-journal
2 fsync ret=0 path=/home/lauer/Projects/convmem/.cg1-ext4-probe/store
3 fsync ret=0 path=/home/lauer/Projects/convmem/.cg1-ext4-probe/store/chroma.sqlite3-journal
4 fsync ret=0 path=/home/lauer/Projects/convmem/.cg1-ext4-probe/store/chroma.sqlite3
5 unlink ret=0 path=/home/lauer/Projects/convmem/.cg1-ext4-probe/store/chroma.sqlite3-journal
6 fsync ret=0 path=/home/lauer/Projects/convmem/.cg1-ext4-probe/store/chroma.sqlite3-journal
7 fsync ret=0 path=/home/lauer/Projects/convmem/.cg1-ext4-probe/store
8 fsync ret=0 path=/home/lauer/Projects/convmem/.cg1-ext4-probe/store/chroma.sqlite3-journal
9 fsync ret=0 path=/home/lauer/Projects/convmem/.cg1-ext4-probe/store/chroma.sqlite3
10 unlink ret=0 path=/home/lauer/Projects/convmem/.cg1-ext4-probe/store/chroma.sqlite3-journal
11 fsync ret=0 path=/home/lauer/Projects/convmem/.cg1-ext4-probe/store/chroma.sqlite3-journal
12 fsync ret=0 path=/home/lauer/Projects/convmem/.cg1-ext4-probe/store
13 fsync ret=0 path=/home/lauer/Projects/convmem/.cg1-ext4-probe/store/chroma.sqlite3-journal
14 fsync ret=0 path=/home/lauer/Projects/convmem/.cg1-ext4-probe/store/chroma.sqlite3
15 unlink ret=0 path=/home/lauer/Projects/convmem/.cg1-ext4-probe/store/chroma.sqlite3-journal
16 unlink ret=0 path=/tmp/etilqs_425b23103f862a3
17 fsync ret=0 path=/home/lauer/Projects/convmem/.cg1-ext4-probe/store/chroma.sqlite3-journal
18 fsync ret=0 path=/home/lauer/Projects/convmem/.cg1-ext4-probe/store
19 fsync ret=0 path=/home/lauer/Projects/convmem/.cg1-ext4-probe/store/chroma.sqlite3-journal
20 fsync ret=0 path=/home/lauer/Projects/convmem/.cg1-ext4-probe/store/chroma.sqlite3
21 unlink ret=0 path=/home/lauer/Projects/convmem/.cg1-ext4-probe/store/chroma.sqlite3-journal
22 fsync ret=0 path=/home/lauer/Projects/convmem/.cg1-ext4-probe/store/chroma.sqlite3-journal
23 fsync ret=0 path=/home/lauer/Projects/convmem/.cg1-ext4-probe/store
24 fsync ret=0 path=/home/lauer/Projects/convmem/.cg1-ext4-probe/store/chroma.sqlite3-journal
25 fsync ret=0 path=/home/lauer/Projects/convmem/.cg1-ext4-probe/store/chroma.sqlite3
26 unlink ret=0 path=/home/lauer/Projects/convmem/.cg1-ext4-probe/store/chroma.sqlite3-journal
27 fsync ret=0 path=/home/lauer/Projects/convmem/.cg1-ext4-probe/store/chroma.sqlite3-journal
28 fsync ret=0 path=/home/lauer/Projects/convmem/.cg1-ext4-probe/store
29 fsync ret=0 path=/home/lauer/Projects/convmem/.cg1-ext4-probe/store/chroma.sqlite3-journal
30 fsync ret=0 path=/home/lauer/Projects/convmem/.cg1-ext4-probe/store/chroma.sqlite3
31 unlink ret=0 path=/home/lauer/Projects/convmem/.cg1-ext4-probe/store/chroma.sqlite3-journal
=== MARK before upsert ===
32 fsync ret=0 path=/home/lauer/Projects/convmem/.cg1-ext4-probe/store/chroma.sqlite3-journal
33 fsync ret=0 path=/home/lauer/Projects/convmem/.cg1-ext4-probe/store
34 fsync ret=0 path=/home/lauer/Projects/convmem/.cg1-ext4-probe/store/chroma.sqlite3-journal
35 fsync ret=0 path=/home/lauer/Projects/convmem/.cg1-ext4-probe/store/chroma.sqlite3
36 unlink ret=0 path=/home/lauer/Projects/convmem/.cg1-ext4-probe/store/chroma.sqlite3-journal
37 fsync ret=0 path=/home/lauer/Projects/convmem/.cg1-ext4-probe/store/chroma.sqlite3-journal
38 fsync ret=0 path=/home/lauer/Projects/convmem/.cg1-ext4-probe/store
39 fsync ret=0 path=/home/lauer/Projects/convmem/.cg1-ext4-probe/store/chroma.sqlite3-journal
40 fsync ret=0 path=/home/lauer/Projects/convmem/.cg1-ext4-probe/store/chroma.sqlite3
41 unlink ret=0 path=/home/lauer/Projects/convmem/.cg1-ext4-probe/store/chroma.sqlite3-journal
42 fsync ret=0 path=/home/lauer/Projects/convmem/.cg1-ext4-probe/store/chroma.sqlite3-journal
43 fsync ret=0 path=/home/lauer/Projects/convmem/.cg1-ext4-probe/store
44 fsync ret=0 path=/home/lauer/Projects/convmem/.cg1-ext4-probe/store/chroma.sqlite3-journal
45 fsync ret=0 path=/home/lauer/Projects/convmem/.cg1-ext4-probe/store/chroma.sqlite3
46 unlink ret=0 path=/home/lauer/Projects/convmem/.cg1-ext4-probe/store/chroma.sqlite3-journal
=== MARK after upsert ===
